[2026-08-04 15:28:11] 수집 대상 200종 로드 (섹션 [2, 3, 9, 10])
[2026-08-04 15:28:11] [재시도 1/3] getChemList 실패: HTTP Error 403: Forbidden
[2026-08-04 15:28:13] [재시도 2/3] getChemList 실패: HTTP Error 403: Forbidden
[2026-08-04 15:28:17] [재시도 3/3] getChemList 실패: HTTP Error 403: Forbidden
[2026-08-04 15:28:22] 완료 0 / 미발견(Abstain) 0 / 신규섹션수집 0
[2026-08-04 15:29:06] 수집 대상 200종 로드 (섹션 [2, 3, 9, 10])
[2026-08-04 15:29:06] [재시도 1/3] getChemList 실패: HTTP Error 403: Forbidden
[2026-08-04 15:29:08] [재시도 2/3] getChemList 실패: HTTP Error 403: Forbidden
[2026-08-04 15:29:11] [재시도 3/3] getChemList 실패: HTTP Error 403: Forbidden
[2026-08-04 15:29:16] 완료 0 / 미발견(Abstain) 0 / 신규섹션수집 0
[2026-08-04 15:32:28] [재시도 1/3] getChemList 실패: HTTP Error 403: Forbidden
[2026-08-04 15:32:30] [재시도 2/3] getChemList 실패: HTTP Error 403: Forbidden
[2026-08-04 15:32:33] [재시도 3/3] getChemList 실패: HTTP Error 403: Forbidden
[2026-08-04 15:43:20] [재시도 1/3] getChemList 실패: HTTP Error 403: Forbidden
[2026-08-04 15:43:22] [재시도 2/3] getChemList 실패: HTTP Error 403: Forbidden
[2026-08-04 15:43:25] [재시도 3/3] getChemList 실패: HTTP Error 403: Forbidden
[2026-08-06 10:23:07] 수집 대상 200종 로드 (섹션 [2, 3, 9, 10])
[2026-08-06 10:23:07] [재시도 1/3] getChemList 실패: HTTP Error 403: Forbidden
[2026-08-06 10:23:09] [재시도 2/3] getChemList 실패: HTTP Error 403: Forbidden
[2026-08-06 10:23:12] [재시도 3/3] getChemList 실패: HTTP Error 403: Forbidden
[2026-08-06 10:23:16] 완료 0 / 미발견(Abstain) 0 / 신규섹션수집 0
[2026-08-06 11:16:53] 수집 대상 200종 로드 (섹션 [2, 3, 9, 10])
[2026-08-06 11:17:18] 진행 10/200
[2026-08-06 11:17:43] 진행 20/200
[2026-08-06 11:17:44] [미발견] CAS 2508-19-2 - KOSHA 목록에 없음(Abstain 대상, 캐시에 None으로 기록)
[2026-08-06 11:17:51] [미발견] CAS 10353-73-8 - KOSHA 목록에 없음(Abstain 대상, 캐시에 None으로 기록)
[2026-08-06 11:18:01] [미발견] CAS 100-27-6 - KOSHA 목록에 없음(Abstain 대상, 캐시에 None으로 기록)
[2026-08-06 11:18:04] [미발견] CAS 100-65-2 - KOSHA 목록에 없음(Abstain 대상, 캐시에 None으로 기록)
[2026-08-06 11:18:07] [미발견] CAS 10143-23-4 - KOSHA 목록에 없음(Abstain 대상, 캐시에 None으로 기록)
[2026-08-06 11:18:11] 진행 30/200
[2026-08-06 11:18:37] 진행 40/200
[2026-08-06 11:19:01] [미발견] CAS 12034-12-7 - KOSHA 목록에 없음(Abstain 대상, 캐시에 None으로 기록)
[2026-08-06 11:19:04] 진행 50/200
[2026-08-06 11:19:29] 진행 60/200
[2026-08-06 11:19:32] [미발견] CAS 308068-21-5 - KOSHA 목록에 없음(Abstain 대상, 캐시에 None으로 기록)
[2026-08-06 11:19:39] [미발견] CAS 10137-69-6 - KOSHA 목록에 없음(Abstain 대상, 캐시에 None으로 기록)
[2026-08-06 11:19:44] [미발견] CAS 135072-82-1 - KOSHA 목록에 없음(Abstain 대상, 캐시에 None으로 기록)
[2026-08-06 11:19:45] [미발견] CAS 15005-97-7 - KOSHA 목록에 없음(Abstain 대상, 캐시에 None으로 기록)
[2026-08-06 11:19:50] [미발견] CAS 101200-48-0 - KOSHA 목록에 없음(Abstain 대상, 캐시에 None으로 기록)
[2026-08-06 11:19:57] 진행 70/200
[2026-08-06 11:20:05] [미발견] CAS 101-55-3 - KOSHA 목록에 없음(Abstain 대상, 캐시에 None으로 기록)
[2026-08-06 11:20:05] [미발견] CAS 101-73-5 - KOSHA 목록에 없음(Abstain 대상, 캐시에 None으로 기록)
[2026-08-06 11:20:08] [미발견] CAS 10213-75-9 - KOSHA 목록에 없음(Abstain 대상, 캐시에 None으로 기록)
[2026-08-06 11:20:11] [미발견] CAS 104-28-9 - KOSHA 목록에 없음(Abstain 대상, 캐시에 None으로 기록)
[2026-08-06 11:20:16] [미발견] CAS 111512-56-2 - KOSHA 목록에 없음(Abstain 대상, 캐시에 None으로 기록)
[2026-08-06 11:20:23] 진행 80/200
[2026-08-06 11:20:26] [미발견] CAS 10318-26-0 - KOSHA 목록에 없음(Abstain 대상, 캐시에 None으로 기록)
[2026-08-06 11:20:27] [미발견] CAS 1034-41-9 - KOSHA 목록에 없음(Abstain 대상, 캐시에 None으로 기록)
[2026-08-06 11:20:51] 진행 90/200
[2026-08-06 11:20:53] [미발견] CAS 102-96-5 - KOSHA 목록에 없음(Abstain 대상, 캐시에 None으로 기록)
[2026-08-06 11:21:09] [미발견] CAS 11106-54-0 - KOSHA 목록에 없음(Abstain 대상, 캐시에 None으로 기록)
[2026-08-06 11:21:16] 진행 100/200
[2026-08-06 11:21:17] [미발견] CAS 100-19-6 - KOSHA 목록에 없음(Abstain 대상, 캐시에 None으로 기록)
[2026-08-06 11:21:27] [미발견] CAS 1122-54-9 - KOSHA 목록에 없음(Abstain 대상, 캐시에 None으로 기록)
[2026-08-06 11:21:32] [미발견] CAS 68848-64-6 - KOSHA 목록에 없음(Abstain 대상, 캐시에 None으로 기록)
[2026-08-06 11:21:37] [미발견] CAS 12003-41-7 - KOSHA 목록에 없음(Abstain 대상, 캐시에 None으로 기록)
[2026-08-06 11:21:37] [미발견] CAS 54413-15-9 - KOSHA 목록에 없음(Abstain 대상, 캐시에 None으로 기록)
[2026-08-06 11:21:38] [미발견] CAS 67713-16-0 - KOSHA 목록에 없음(Abstain 대상, 캐시에 None으로 기록)
[2026-08-06 11:21:38] [미발견] CAS 70399-13-2 - KOSHA 목록에 없음(Abstain 대상, 캐시에 None으로 기록)
[2026-08-06 11:21:43] 진행 110/200
[2026-08-06 11:22:07] 진행 120/200
[2026-08-06 11:22:33] [미발견] CAS 1066-45-1 - KOSHA 목록에 없음(Abstain 대상, 캐시에 None으로 기록)
[2026-08-06 11:22:34] [미발견] CAS 1067-14-7 - KOSHA 목록에 없음(Abstain 대상, 캐시에 None으로 기록)
[2026-08-06 11:22:36] 진행 130/200
[2026-08-06 11:22:56] [미발견] CAS 1124-33-0 - KOSHA 목록에 없음(Abstain 대상, 캐시에 None으로 기록)
[2026-08-06 11:23:01] 진행 140/200
[2026-08-06 11:23:26] 진행 150/200
[2026-08-06 11:23:45] [미발견] CAS 1174-72-7 - KOSHA 목록에 없음(Abstain 대상, 캐시에 None으로 기록)
[2026-08-06 11:23:50] [미발견] CAS 100-38-9 - KOSHA 목록에 없음(Abstain 대상, 캐시에 None으로 기록)
[2026-08-06 11:23:53] 진행 160/200
[2026-08-06 11:24:12] 완료 168 / 미발견(Abstain) 32 / 신규섹션수집 672
[2026-08-06 11:43:37] [대체 성공] group=4 2508-19-2 -> 42615-29-2 (Benzenesulfonic acid, alkyl deriv., linear)
[2026-08-06 11:43:37] [대체 성공] group=5 10353-73-8 -> 107-35-7 (타우린)
[2026-08-06 11:43:38] [대체 성공] group=8 100-27-6 -> 102-81-8 (2-N-디부틸아미노에탄올)
[2026-08-06 11:43:39] [대체 성공] group=8 100-65-2 -> 105-11-3 (1,4-벤조퀴논, 다이옥심)
[2026-08-06 11:43:39] [대체 성공] group=8 10143-23-4 -> 105-59-9 (N-메틸다이에탄올아민)
[2026-08-06 11:43:40] [대체 성공] group=18 12034-12-7 -> 12136-45-7 (산화 칼륨)
[2026-08-06 11:43:40] [대체 성공] group=21 308068-21-5 -> 506-87-6 (탄산 디암모늄)
[2026-08-06 11:43:43] [대체 성공] group=22 10137-69-6 -> 1558-25-4 (트리클로로(클로로메틸)실란(TRICHLORO(CHLOROMETHYL)SILANE))
[2026-08-06 11:43:45] [대체 실패] group=25 135072-82-1 - 풀 소진, 원안 유지(Abstain)
[2026-08-06 11:43:45] [대체 실패] group=25 15005-97-7 - 풀 소진, 원안 유지(Abstain)
[2026-08-06 11:43:45] [대체 성공] group=27 101200-48-0 -> 10453-86-8 (레스메트린)
[2026-08-06 11:43:46] [대체 성공] group=28 101-55-3 -> 104-46-1 (아네토레)
[2026-08-06 11:43:46] [대체 성공] group=28 101-73-5 -> 104-94-9 (p-아니시딘)
[2026-08-06 11:43:47] [대체 성공] group=28 10213-75-9 -> 108-60-1 (비스(2-클로로아이소프로필)에테르)
[2026-08-06 11:43:47] [대체 성공] group=28 104-28-9 -> 109-53-5 (아이소뷰틸 비닐 에테르)
[2026-08-06 11:43:48] [대체 성공] group=30 111512-56-2 -> 121-17-5 (4-클로로-3-나이트로벤조트리플루오르화물)
[2026-08-06 11:43:49] [대체 성공] group=31 10318-26-0 -> 107-04-0 (1-브로모-2-클로로에탄)
[2026-08-06 11:43:49] [대체 성공] group=31 1034-41-9 -> 107-20-0 (클로로아세트알데히드)
[2026-08-06 11:43:50] [대체 성공] group=34 102-96-5 -> 105-87-3 (게라닐 아세트산)
[2026-08-06 11:43:51] [대체 성공] group=35 11106-54-0 -> 115-86-6 (트리페닐 포스페이트)
[2026-08-06 11:43:51] [대체 성공] group=38 100-19-6 -> 1143-38-0 (안트랄린(ANTHRALIN))
[2026-08-06 11:43:52] [대체 성공] group=38 1122-54-9 -> 116-71-2 (C.I. vat blue 020)
[2026-08-06 11:43:52] [대체 성공] group=40 68848-64-6 -> 7440-09-7 (Potassium)
[2026-08-06 11:43:53] [대체 성공] group=41 12003-41-7 -> 7439-95-4 (Magnesium)
[2026-08-06 11:43:54] [대체 성공] group=41 54413-15-9 -> 7440-02-0 (니켈)
[2026-08-06 11:43:54] [대체 성공] group=41 67713-16-0 -> 7440-21-3 (실리콘)
[2026-08-06 11:43:55] [대체 성공] group=41 70399-13-2 -> 7440-25-7 (탄탈럼(탄탈))
[2026-08-06 11:43:55] [대체 성공] group=49 1066-45-1 -> 1067-33-0 (디아세트산 디뷰틸틴(DIBUTYLTIN DIACETATE))
[2026-08-06 11:43:56] [대체 성공] group=49 1067-14-7 -> 107-27-7 (클로로에틸머큐리)
[2026-08-06 11:43:56] [대체 성공] group=51 1124-33-0 -> 132259-10-0 (압축된 공기, 호흡하는 공기(COMPRESSED AIR, BREATHING AIR))
[2026-08-06 11:43:57] [대체 성공] group=62 1174-72-7 -> 1332-21-4 (석면(ASBESTOS))
[2026-08-06 11:43:58] [대체 성공] group=64 100-38-9 -> 11056-06-7 (블레오미신(BLEOMYCIN))
[2026-08-06 11:44:54] 완료: 대체성공 30 / 대체실패(Abstain 유지) 2
[2026-08-06 11:44:54]   Abstain 유지 목록: [('135072-82-1', 25), ('15005-97-7', 25)]
[2026-08-06 11:50:08] [재대체 성공] group=27 10453-86-8 -> 105-79-3 (Isobutyl hexanoate)
[2026-08-06 11:50:10] [재대체 성공] group=38 1143-38-0 -> 1162-65-8 (아프라톡신 B1)
[2026-08-06 11:50:12]   [거부] 117-10-2: 고위험 GHS 문구 ['H350']
[2026-08-06 11:50:13] [재대체 성공] group=38 116-71-2 -> 117-39-5 (케르세틴(QUERCETIN))
[2026-08-06 11:50:15]   [거부] 115-09-3: 고위험 GHS 문구 ['H300', 'H310', 'H330']
[2026-08-06 11:50:17]   [거부] 12079-65-1: 고위험 GHS 문구 ['H300']
[2026-08-06 11:50:19]   [거부] 12108-13-3: 고위험 GHS 문구 ['H330']
[2026-08-06 11:50:20] [재대체 성공] group=49 1067-33-0 -> 123-88-6 (염화 메톡시에틸수은)
[2026-08-06 11:50:23] [재대체 성공] group=49 107-27-7 -> 1271-28-9 (니켈로센)
[2026-08-06 11:50:25] [재대체 성공] group=62 1332-21-4 -> 1344-00-9 (규화알루미늄산 나트륨(SODIUM SILICOALUMINATE))
[2026-08-06 11:50:28] [재대체 성공] group=64 11056-06-7 -> 111-48-8 (티오디글리콜)
[2026-08-06 11:50:32] [재대체 성공] group=8 102-81-8 -> 106-24-1 (게라니올)
[2026-08-06 11:50:35] [재대체 성공] group=28 104-94-9 -> 109-59-1 (이소프로폭시에탄올)
[2026-08-06 11:50:36] [재대체 성공] group=31 107-20-0 -> 107-81-3 (2-브로모펜테인)
[2026-08-06 11:50:53] 완료: 재대체성공 10 / 재대체실패 0
[2026-08-06 11:56:09] [수동 재대체] 1162-65-8 -> 119-53-9 (벤조인)
[2026-08-06 11:56:13] [수동 재대체] 123-88-6 -> 13007-92-6 (크롬 카보닐(CHROMIUM CARBONYL))
[2026-08-06 11:56:16] [수동 재대체] 111-48-8 -> 7220-79-3 (메틸렌 블루, 트리수화물(METHYLENE BLUE, TRIHYDRATE))
[2026-08-06 11:56:16] [유지 결정] 1271-28-9: 니켈로센 유지 - GHS H351(2등급,의심수준)뿐, organometallics 그룹 내 KOSHA 등록 대안 전부 조사했으나 이보다 나은 게 없음(원문 그룹 자체가 고위험군)
[2026-08-06 11:56:16] Round 3 완료
